============================= test session starts =============================
collecting ... collected 32 items

tests/test_retry_logic.py::TestShouldRetryScrapingResult::test_success_true_no_retry PASSED [  3%]
tests/test_retry_logic.py::TestShouldRetryScrapingResult::test_success_false_should_retry PASSED [  6%]
tests/test_retry_logic.py::TestShouldRetryScrapingResult::test_missing_success_key_no_retry PASSED [  9%]
tests/test_retry_logic.py::TestShouldRetryScrapingResult::test_non_dict_should_retry PASSED [ 12%]
tests/test_retry_logic.py::TestShouldRetryScrapingResult::test_bot_detected_should_retry PASSED [ 15%]
tests/test_retry_logic.py::TestShouldRetryScrapingResult::test_ai_mode_missing_should_retry PASSED [ 18%]
tests/test_retry_logic.py::TestShouldRetryScrapingResult::test_text_extraction_failed_should_retry PASSED [ 21%]
tests/test_retry_logic.py::TestFetchPerplexityHandler::test_success_returns_data PASSED [ 25%]
tests/test_retry_logic.py::TestFetchPerplexityHandler::test_bot_detected_returns_failure PASSED [ 28%]
tests/test_retry_logic.py::TestFetchPerplexityHandler::test_empty_content_returns_failure FAILED [ 31%]
tests/test_retry_logic.py::TestFetchPerplexityHandler::test_http_500_raises PASSED [ 34%]
tests/test_retry_logic.py::TestFetchPerplexityHandler::test_network_error_raises PASSED [ 37%]
tests/test_retry_logic.py::TestFetchGoogleOverviewHandler::test_success_returns_data PASSED [ 40%]
tests/test_retry_logic.py::TestFetchGoogleOverviewHandler::test_ai_mode_missing_returns_failure PASSED [ 43%]
tests/test_retry_logic.py::TestFetchGoogleOverviewHandler::test_text_extraction_failed_returns_failure PASSED [ 46%]
tests/test_retry_logic.py::TestFetchAISearchDataRetry::test_success_on_first_attempt PASSED [ 50%]
tests/test_retry_logic.py::TestFetchAISearchDataRetry::test_retry_on_bot_detection_then_success FAILED [ 53%]
tests/test_retry_logic.py::TestFetchAISearchDataRetry::test_retry_on_empty_content_then_success FAILED [ 56%]
tests/test_retry_logic.py::TestFetchAISearchDataRetry::test_retry_on_network_timeout_then_success PASSED [ 59%]
tests/test_retry_logic.py::TestFetchAISearchDataRetry::test_retry_on_http_500_then_success PASSED [ 62%]
tests/test_retry_logic.py::TestFetchAISearchDataRetry::test_retry_on_ai_mode_missing_then_success FAILED [ 65%]
tests/test_retry_logic.py::TestFetchAISearchDataRetry::test_all_retries_exhausted_returns_failure FAILED [ 68%]
tests/test_retry_logic.py::TestFetchAISearchDataRetry::test_all_retries_exhausted_network_error_raises PASSED [ 71%]
tests/test_retry_logic.py::TestFetchAISearchDataRetry::test_multiple_failures_before_success FAILED [ 75%]
tests/test_retry_logic.py::TestConfigDrivenRetry::test_retry_count_matches_settings FAILED [ 78%]
tests/test_retry_logic.py::TestConfigDrivenRetry::test_single_attempt_no_retry PASSED [ 81%]
tests/test_retry_logic.py::TestGoogleOverviewRetry::test_google_success_no_retry PASSED [ 84%]
tests/test_retry_logic.py::TestGoogleOverviewRetry::test_google_text_extraction_failed_retry FAILED [ 87%]
tests/test_retry_logic.py::TestGoogleOverviewRetry::test_google_bot_then_timeout_then_success FAILED [ 90%]
tests/test_retry_logic.py::TestConcurrentQueryIsolation::test_parallel_queries_isolated PASSED [ 93%]
tests/test_retry_logic.py::TestEdgeCases::test_invalid_json_format_raises FAILED [ 96%]
tests/test_retry_logic.py::TestEdgeCases::test_mixed_error_types_all_retried FAILED [100%]

================================== FAILURES ===================================
E   assert True is False
------------------------------ Captured log call ------------------------------
WARNING  app.services.scraping_service:scraping_service.py:127 [Scraper:perplexity] Empty or insufficient content
C:\Users\santo\OneDrive\Desktop\sunny\GodsEye - FrontEnd with Backend py\GodsEye - Bridge Backend Code\Pavan-main\Pavan-main\tests\test_retry_logic.py:241: assert True is False
E   assert False is True
------------------------------ Captured log call ------------------------------
WARNING  app.services.scraping_service:scraping_service.py:122 [Scraper:perplexity] Server returned failure: Bot detection or captcha encountered
C:\Users\santo\OneDrive\Desktop\sunny\GodsEye - FrontEnd with Backend py\GodsEye - Bridge Backend Code\Pavan-main\Pavan-main\tests\test_retry_logic.py:370: assert False is True
E   AssertionError: assert 1 == 2
     +  where 1 = <AsyncMock name='mock.post' id='2859658768208'>.call_count
     +    where <AsyncMock name='mock.post' id='2859658768208'> = <AsyncMock id='2859658674128'>.post
------------------------------ Captured log call ------------------------------
WARNING  app.services.scraping_service:scraping_service.py:127 [Scraper:perplexity] Empty or insufficient content
C:\Users\santo\OneDrive\Desktop\sunny\GodsEye - FrontEnd with Backend py\GodsEye - Bridge Backend Code\Pavan-main\Pavan-main\tests\test_retry_logic.py:392: AssertionError: assert 1 == 2
E   assert False is True
------------------------------ Captured log call ------------------------------
WARNING  app.services.scraping_service:scraping_service.py:177 [Scraper:google_overview] Server returned failure: No AI Mode content detected
C:\Users\santo\OneDrive\Desktop\sunny\GodsEye - FrontEnd with Backend py\GodsEye - Bridge Backend Code\Pavan-main\Pavan-main\tests\test_retry_logic.py:454: assert False is True
E   AssertionError: assert 1 == 3
     +  where 1 = <AsyncMock name='mock.post' id='2859659072784'>.call_count
     +    where <AsyncMock name='mock.post' id='2859659072784'> = <AsyncMock id='2859659006032'>.post
------------------------------ Captured log call ------------------------------
WARNING  app.services.scraping_service:scraping_service.py:122 [Scraper:perplexity] Server returned failure: Bot detection or captcha encountered
C:\Users\santo\OneDrive\Desktop\sunny\GodsEye - FrontEnd with Backend py\GodsEye - Bridge Backend Code\Pavan-main\Pavan-main\tests\test_retry_logic.py:479: AssertionError: assert 1 == 3
E   assert False is True
------------------------------ Captured log call ------------------------------
WARNING  app.services.scraping_service:before_sleep.py:65 Retrying <unknown> in 0.0 seconds as it raised ConnectTimeout: timeout.
WARNING  app.services.scraping_service:scraping_service.py:122 [Scraper:perplexity] Server returned failure: Bot detection or captcha encountered
C:\Users\santo\OneDrive\Desktop\sunny\GodsEye - FrontEnd with Backend py\GodsEye - Bridge Backend Code\Pavan-main\Pavan-main\tests\test_retry_logic.py:523: assert False is True
E   AssertionError: Expected 2 attempts, got 1
    assert 1 == 2
     +  where 1 = <AsyncMock name='mock.post' id='2859658629584'>.call_count
     +    where <AsyncMock name='mock.post' id='2859658629584'> = <AsyncMock id='2859658717904'>.post
------------------------------ Captured log call ------------------------------
WARNING  app.services.scraping_service:scraping_service.py:122 [Scraper:perplexity] Server returned failure: Bot detection or captcha encountered
WARNING  app.services.scraping_service:scraping_service.py:122 [Scraper:perplexity] Server returned failure: Bot detection or captcha encountered
C:\Users\santo\OneDrive\Desktop\sunny\GodsEye - FrontEnd with Backend py\GodsEye - Bridge Backend Code\Pavan-main\Pavan-main\tests\test_retry_logic.py:555: AssertionError: Expected 2 attempts, got 1
E   assert False is True
------------------------------ Captured log call ------------------------------
WARNING  app.services.scraping_service:scraping_service.py:177 [Scraper:google_overview] Server returned failure: Could not extract text content
C:\Users\santo\OneDrive\Desktop\sunny\GodsEye - FrontEnd with Backend py\GodsEye - Bridge Backend Code\Pavan-main\Pavan-main\tests\test_retry_logic.py:619: assert False is True
E   assert False is True
------------------------------ Captured log call ------------------------------
WARNING  app.services.scraping_service:scraping_service.py:177 [Scraper:google_overview] Server returned failure: Bot detection or captcha encountered
C:\Users\santo\OneDrive\Desktop\sunny\GodsEye - FrontEnd with Backend py\GodsEye - Bridge Backend Code\Pavan-main\Pavan-main\tests\test_retry_logic.py:641: assert False is True
E   AttributeError: 'str' object has no attribute 'get'
C:\Users\santo\OneDrive\Desktop\sunny\GodsEye - FrontEnd with Backend py\GodsEye - Bridge Backend Code\Pavan-main\Pavan-main\app\services\scraping_service.py:112: AttributeError: 'str' object has no attribute 'get'
E   assert False is True
------------------------------ Captured log call ------------------------------
WARNING  app.services.scraping_service:before_sleep.py:65 Retrying <unknown> in 0.0 seconds as it raised ConnectTimeout: timeout.
WARNING  app.services.scraping_service:before_sleep.py:65 Retrying <unknown> in 0.0 seconds as it raised HTTPStatusError: HTTP 502.
WARNING  app.services.scraping_service:scraping_service.py:122 [Scraper:perplexity] Server returned failure: Bot detection or captcha encountered
C:\Users\santo\OneDrive\Desktop\sunny\GodsEye - FrontEnd with Backend py\GodsEye - Bridge Backend Code\Pavan-main\Pavan-main\tests\test_retry_logic.py:741: assert False is True
=========================== short test summary info ===========================
FAILED tests/test_retry_logic.py::TestFetchPerplexityHandler::test_empty_content_returns_failure
FAILED tests/test_retry_logic.py::TestFetchAISearchDataRetry::test_retry_on_bot_detection_then_success
FAILED tests/test_retry_logic.py::TestFetchAISearchDataRetry::test_retry_on_empty_content_then_success
FAILED tests/test_retry_logic.py::TestFetchAISearchDataRetry::test_retry_on_ai_mode_missing_then_success
FAILED tests/test_retry_logic.py::TestFetchAISearchDataRetry::test_all_retries_exhausted_returns_failure
FAILED tests/test_retry_logic.py::TestFetchAISearchDataRetry::test_multiple_failures_before_success
FAILED tests/test_retry_logic.py::TestConfigDrivenRetry::test_retry_count_matches_settings
FAILED tests/test_retry_logic.py::TestGoogleOverviewRetry::test_google_text_extraction_failed_retry
FAILED tests/test_retry_logic.py::TestGoogleOverviewRetry::test_google_bot_then_timeout_then_success
FAILED tests/test_retry_logic.py::TestEdgeCases::test_invalid_json_format_raises
FAILED tests/test_retry_logic.py::TestEdgeCases::test_mixed_error_types_all_retried
======================== 11 failed, 21 passed in 0.33s ========================
