============================= test session starts =============================
platform win32 -- Python 3.11.6, pytest-9.0.2, pluggy-1.6.0 -- C:\Users\santo\AppData\Local\Programs\Python\Python311\python.exe
cachedir: .pytest_cache
rootdir: C:\Users\santo\OneDrive\Desktop\sunny\GodsEye - FrontEnd with Backend py\GodsEye - Bridge Backend Code\Pavan-main\Pavan-main
plugins: anyio-4.11.0, asyncio-1.3.0, respx-0.22.0
asyncio: mode=Mode.STRICT, debug=False, asyncio_default_fixture_loop_scope=None, asyncio_default_test_loop_scope=function
collecting ... collected 10 items

tests/test_e2e_workflow.py::TestEndToEndWorkflow::test_full_optimization_lifecycle FAILED [ 10%]
tests/test_e2e_workflow.py::TestEndToEndWorkflow::test_concurrent_execution_is_faster_than_sequential FAILED [ 20%]
tests/test_e2e_workflow.py::TestEndToEndCreditFailure::test_no_credits_returns_402_and_no_background_work PASSED [ 30%]
tests/test_e2e_workflow.py::TestEndToEndPartialFailure::test_partial_failure_marked_in_snapshot FAILED [ 40%]
tests/test_e2e_workflow.py::TestEndToEndMixedPipelines::test_mixed_pipelines_all_complete FAILED [ 50%]
tests/test_e2e_workflow.py::TestEndToEndStatusPolling::test_snapshot_not_found_returns_404 PASSED [ 60%]
tests/test_e2e_workflow.py::TestEndToEndStatusPolling::test_running_status_before_background_completes PASSED [ 70%]
tests/test_e2e_workflow.py::TestExistingEndpointsRegression::test_health_endpoint PASSED [ 80%]
tests/test_e2e_workflow.py::TestExistingEndpointsRegression::test_normalize_ai_search_endpoint PASSED [ 90%]
tests/test_e2e_workflow.py::TestExistingEndpointsRegression::test_clean_json_endpoint PASSED [100%]

================================== FAILURES ===================================
____________ TestEndToEndWorkflow.test_full_optimization_lifecycle ____________
tests\test_e2e_workflow.py:250: in test_full_optimization_lifecycle
    assert status_body["completed_queries"] == 3
E   assert 0 == 3
------------------------------ Captured log call ------------------------------
WARNING  app.services.analysis_service:analysis_service.py:1094 [Snapshot] Failed to increment no_of_query for snap-e2e-1: {'message': 'invalid input syntax for type uuid: "snap-e2e-1"', 'code': '22P02', 'hint': None, 'details': None}
WARNING  app.services.analysis_service:analysis_service.py:1094 [Snapshot] Failed to increment no_of_query for snap-e2e-1: {'message': 'invalid input syntax for type uuid: "snap-e2e-1"', 'code': '22P02', 'hint': None, 'details': None}
WARNING  app.services.analysis_service:analysis_service.py:1094 [Snapshot] Failed to increment no_of_query for snap-e2e-1: {'message': 'invalid input syntax for type uuid: "snap-e2e-1"', 'code': '22P02', 'hint': None, 'details': None}
__ TestEndToEndWorkflow.test_concurrent_execution_is_faster_than_sequential ___
tests\test_e2e_workflow.py:291: in test_concurrent_execution_is_faster_than_sequential
    assert elapsed < sequential_estimate * 0.80, (
E   AssertionError: E2E took 5.55s vs sequential estimate 0.30s
E   assert 5.546999999991385 < (0.30000000000000004 * 0.8)
------------------------------ Captured log call ------------------------------
WARNING  app.services.analysis_service:analysis_service.py:1094 [Snapshot] Failed to increment no_of_query for snap-e2e-1: {'message': 'invalid input syntax for type uuid: "snap-e2e-1"', 'code': '22P02', 'hint': None, 'details': None}
WARNING  app.services.analysis_service:analysis_service.py:1094 [Snapshot] Failed to increment no_of_query for snap-e2e-1: {'message': 'invalid input syntax for type uuid: "snap-e2e-1"', 'code': '22P02', 'hint': None, 'details': None}
WARNING  app.services.analysis_service:analysis_service.py:1094 [Snapshot] Failed to increment no_of_query for snap-e2e-1: {'message': 'invalid input syntax for type uuid: "snap-e2e-1"', 'code': '22P02', 'hint': None, 'details': None}
WARNING  app.services.analysis_service:analysis_service.py:1094 [Snapshot] Failed to increment no_of_query for snap-e2e-1: {'message': 'invalid input syntax for type uuid: "snap-e2e-1"', 'code': '22P02', 'hint': None, 'details': None}
WARNING  app.services.analysis_service:analysis_service.py:1094 [Snapshot] Failed to increment no_of_query for snap-e2e-1: {'message': 'invalid input syntax for type uuid: "snap-e2e-1"', 'code': '22P02', 'hint': None, 'details': None}
_____ TestEndToEndPartialFailure.test_partial_failure_marked_in_snapshot ______
tests\test_e2e_workflow.py:384: in test_partial_failure_marked_in_snapshot
    assert body["completed_queries"] == 1
E   assert 0 == 1
------------------------------ Captured log call ------------------------------
ERROR    app.services.analysis_service:analysis_service.py:1042 [Pipeline] Failed pipeline=perplexity query='fail-me' error=Scraper exploded
Traceback (most recent call last):
  File "C:\Users\santo\OneDrive\Desktop\sunny\GodsEye - FrontEnd with Backend py\GodsEye - Bridge Backend Code\Pavan-main\Pavan-main\app\services\analysis_service.py", line 982, in process_single_query_pipeline
    scraped_data = await fetch_ai_search_data(
                   ^^^^^^^^^^^^^^^^^^^^^^^^^^^
  File "C:\Users\santo\OneDrive\Desktop\sunny\GodsEye - FrontEnd with Backend py\GodsEye - Bridge Backend Code\Pavan-main\Pavan-main\tests\test_e2e_workflow.py", line 349, in _flaky_fetch
    raise Exception("Scraper exploded")
Exception: Scraper exploded
WARNING  app.services.analysis_service:analysis_service.py:1094 [Snapshot] Failed to increment no_of_query for snap-e2e-1: {'message': 'invalid input syntax for type uuid: "snap-e2e-1"', 'code': '22P02', 'hint': None, 'details': None}
WARNING  app.services.analysis_service:analysis_service.py:258 [Background] 1/2 queries failed for snapshot snap-e2e-1 ù refunding 1 credits to user user-partial
________ TestEndToEndMixedPipelines.test_mixed_pipelines_all_complete _________
tests\test_e2e_workflow.py:432: in test_mixed_pipelines_all_complete
    assert status.json()["completed_queries"] == 4
E   assert 0 == 4
------------------------------ Captured log call ------------------------------
WARNING  app.services.analysis_service:analysis_service.py:1094 [Snapshot] Failed to increment no_of_query for snap-e2e-1: {'message': 'invalid input syntax for type uuid: "snap-e2e-1"', 'code': '22P02', 'hint': None, 'details': None}
WARNING  app.services.analysis_service:analysis_service.py:1094 [Snapshot] Failed to increment no_of_query for snap-e2e-1: {'message': 'invalid input syntax for type uuid: "snap-e2e-1"', 'code': '22P02', 'hint': None, 'details': None}
WARNING  app.services.analysis_service:analysis_service.py:1094 [Snapshot] Failed to increment no_of_query for snap-e2e-1: {'message': 'invalid input syntax for type uuid: "snap-e2e-1"', 'code': '22P02', 'hint': None, 'details': None}
WARNING  app.services.analysis_service:analysis_service.py:1094 [Snapshot] Failed to increment no_of_query for snap-e2e-1: {'message': 'invalid input syntax for type uuid: "snap-e2e-1"', 'code': '22P02', 'hint': None, 'details': None}
============================== warnings summary ===============================
..\..\..\..\..\..\..\AppData\Local\Programs\Python\Python311\Lib\site-packages\supabase\__init__.py:1
  C:\Users\santo\AppData\Local\Programs\Python\Python311\Lib\site-packages\supabase\__init__.py:1: DeprecationWarning: The `gotrue` package is deprecated, is not going to receive updates in the future. Please, use `supabase_auth` instead.
    from gotrue.errors import (

..\..\..\..\..\..\..\AppData\Local\Programs\Python\Python311\Lib\site-packages\supabase\__init__.py:15
  C:\Users\santo\AppData\Local\Programs\Python\Python311\Lib\site-packages\supabase\__init__.py:15: DeprecationWarning: The `supafunc` package is deprecated, is not going to receive updates in the future. Please, use `supabase_functions` instead.
    from supafunc.errors import FunctionsError, FunctionsHttpError, FunctionsRelayError

tests/test_e2e_workflow.py: 13 warnings
  C:\Users\santo\AppData\Local\Programs\Python\Python311\Lib\site-packages\supabase\_sync\client.py:303: DeprecationWarning: The 'timeout' parameter is deprecated. Please configure it in the http client instead.
    return SyncPostgrestClient(

tests/test_e2e_workflow.py: 13 warnings
  C:\Users\santo\AppData\Local\Programs\Python\Python311\Lib\site-packages\supabase\_sync\client.py:303: DeprecationWarning: The 'verify' parameter is deprecated. Please configure it in the http client instead.
    return SyncPostgrestClient(

-- Docs: https://docs.pytest.org/en/stable/how-to/capture-warnings.html
=========================== short test summary info ===========================
FAILED tests/test_e2e_workflow.py::TestEndToEndWorkflow::test_full_optimization_lifecycle
FAILED tests/test_e2e_workflow.py::TestEndToEndWorkflow::test_concurrent_execution_is_faster_than_sequential
FAILED tests/test_e2e_workflow.py::TestEndToEndPartialFailure::test_partial_failure_marked_in_snapshot
FAILED tests/test_e2e_workflow.py::TestEndToEndMixedPipelines::test_mixed_pipelines_all_complete
================== 4 failed, 6 passed, 28 warnings in 18.09s ==================
